
[1m[46m RUN [49m[22m [36mv4.0.18 [39m[90mC:/Users/vinay/Videos/InoglleSite[39m

node.exe : [31mΓÄ»ΓÄ»ΓÄ»ΓÄ»
ΓÄ»ΓÄ»[39m[1m[41m 
Unhandled Errors [49m[22m
[31mΓÄ»ΓÄ»ΓÄ»ΓÄ»ΓÄ»ΓÄ»[39m
At C:\Program 
Files\nodejs\npx.ps1:29 
char:3
+   & $NODE_EXE $NPX_CLI_JS 
$args
+   ~~~~~~~~~~~~~~~~~~~~~~~~
~~~~~
    + CategoryInfo          
    : NotSpecified: ([31m  
  ΓÄ»ΓÄ»ΓÄ»Γ...»ΓÄ»ΓÄ»ΓÄ»   
 [39m:String) [], Remot    
eException
    + FullyQualifiedErrorId 
    : NativeCommandError
 
[31m[1m
Vitest caught 2 unhandled 
errors during the test run.
This might cause false 
positive tests. Resolve 
unhandled errors to make 
sure your tests are not 
affected.[22m[39m

[31mΓÄ»ΓÄ»ΓÄ»ΓÄ»ΓÄ»ΓÄ»[39m
[1m[41m Unhandled Error [
49m[22m[31mΓÄ»ΓÄ»ΓÄ»ΓÄ»ΓÄ»
ΓÄ»ΓÄ»[39m
[31m[1mError[22m: 
[vitest-pool]: Failed to 
start forks worker for test 
files C:/Users/vinay/Videos/
InoglleSite/test/Footer.test
.tsx.[39m
[90m [2mΓ¥»[22m node_modu
les/vitest/dist/chunks/cli-a
pi.B7PN_QUv.js:[2m8046:94[
22m[39m
[90m [2mΓ¥»[22m 
processTicksAndRejections no
de:internal/process/task_que
ues:[2m105:5[22m[39m
[90m [2mΓ¥»[22m 
Pool.schedule node_modules/v
itest/dist/chunks/cli-api.B7
PN_QUv.js:[2m8046:5[22m[3
9m

[31m[1mCaused by: 
Error[22m: require() of ES 
Module C:\Users\vinay\Videos
\InoglleSite\node_modules\@c
sstools\css-calc\dist\index.
mjs not supported.
Instead change the require 
of C:\Users\vinay\Videos\Ino
glleSite\node_modules\@cssto
ols\css-calc\dist\index.mjs 
to a dynamic import() which 
is available in all 
CommonJS modules.[39m
[90m [2mΓ¥»[22m 
TracingChannel.traceSync nod
e:diagnostics_channel:[2m31
5:14[22m[39m
[90m [2mΓ¥»[22m 
Object.<anonymous> node_modu
les/@asamuzakjp/css-color/di
st/cjs/index.cjs:[2m30:24[
22m[39m

[31m[2mΓÄ»ΓÄ»ΓÄ»ΓÄ»ΓÄ»ΓÄ»Γ
Ä»ΓÄ»ΓÄ»ΓÄ»ΓÄ»ΓÄ»ΓÄ»ΓÄ»ΓÄ»ΓÄ
»ΓÄ»ΓÄ»ΓÄ»ΓÄ»ΓÄ»ΓÄ»ΓÄ»ΓÄ»ΓÄ»
ΓÄ»ΓÄ»ΓÄ»ΓÄ»ΓÄ»[22m[39m
[31m[1mSerialized 
Error:[22m[39m [90m{ 
code: 'ERR_REQUIRE_ESM' 
}[39m

[31mΓÄ»ΓÄ»ΓÄ»ΓÄ»ΓÄ»ΓÄ»[39m
[1m[41m Unhandled Error [
49m[22m[31mΓÄ»ΓÄ»ΓÄ»ΓÄ»ΓÄ»
ΓÄ»ΓÄ»[39m
[31m[1mError[22m: 
[vitest-pool]: Failed to 
start forks worker for test 
files C:/Users/vinay/Videos/
InoglleSite/test/Logo.test.t
sx.[39m
[90m [2mΓ¥»[22m node_modu
les/vitest/dist/chunks/cli-a
pi.B7PN_QUv.js:[2m8046:94[
22m[39m
[90m [2mΓ¥»[22m 
processTicksAndRejections no
de:internal/process/task_que
ues:[2m105:5[22m[39m
[90m [2mΓ¥»[22m 
Pool.schedule node_modules/v
itest/dist/chunks/cli-api.B7
PN_QUv.js:[2m8046:5[22m[3
9m

[31m[1mCaused by: 
Error[22m: require() of ES 
Module C:\Users\vinay\Videos
\InoglleSite\node_modules\@c
sstools\css-calc\dist\index.
mjs not supported.
Instead change the require 
of C:\Users\vinay\Videos\Ino
glleSite\node_modules\@cssto
ols\css-calc\dist\index.mjs 
to a dynamic import() which 
is available in all 
CommonJS modules.[39m
[90m [2mΓ¥»[22m 
TracingChannel.traceSync nod
e:diagnostics_channel:[2m31
5:14[22m[39m
[90m [2mΓ¥»[22m 
Object.<anonymous> node_modu
les/@asamuzakjp/css-color/di
st/cjs/index.cjs:[2m30:24[
22m[39m

[31m[2mΓÄ»ΓÄ»ΓÄ»ΓÄ»ΓÄ»ΓÄ»Γ
Ä»ΓÄ»ΓÄ»ΓÄ»ΓÄ»ΓÄ»ΓÄ»ΓÄ»ΓÄ»ΓÄ
»ΓÄ»ΓÄ»ΓÄ»ΓÄ»ΓÄ»ΓÄ»ΓÄ»ΓÄ»ΓÄ»
ΓÄ»ΓÄ»ΓÄ»ΓÄ»ΓÄ»[22m[39m
[31m[1mSerialized 
Error:[22m[39m [90m{ 
code: 'ERR_REQUIRE_ESM' 
}[39m
[31mΓÄ»ΓÄ»ΓÄ»ΓÄ»ΓÄ»ΓÄ»ΓÄ»ΓÄ
»ΓÄ»ΓÄ»ΓÄ»ΓÄ»ΓÄ»ΓÄ»ΓÄ»ΓÄ»ΓÄ»
ΓÄ»ΓÄ»ΓÄ»ΓÄ»ΓÄ»ΓÄ»ΓÄ»ΓÄ»ΓÄ»Γ
Ä»ΓÄ»ΓÄ»ΓÄ»[39m


[2m Test Files [22m [2mno tests[22m
[2m      Tests [22m [2mno tests[22m
[2m     Errors [22m [1m[31m2 errors[39m[22m
[2m   Start at [22m 22:08:18
[2m   Duration [22m 233ms[2m (transform 0ms, setup 0ms, import 0ms, tests 0ms, environment 0ms)[22m

